loading frequency list...
  50000 distinct words
parsing dictionary...
  3730 cards from 24262 sq entries
  skipped_pos      3380
  skipped_shape    378
  skipped_nogloss  3358
  skipped_notfreq  12979
  skipped_excluded 3
  +356 inflected-form cards (rank <= 2000), now 4086 cards
  learner glosses: 369 rewritten, 1 kept as-is
corpus reference sentences: 3420
building word families...
  3013 families, 492 with >1 member
  769 cards with components
  function-word rescue: 132 re-homed, 7 detached
assigning levels...
  early window: 72 words, 18 nouns (25%); target 30%; weaving in 21 pictureable nouns
  36 rare family members across 8 families held back from the opening
  769 levels

Wrote data/course.json, data/index.json, data/report.json
Wrote data/levels/level_01..769.json
First 12 levels (root, gloss, words):
   1  babi, të, zemër, në, re +3                                    5 words
   2  do, nuk                                         9 words
   3  jam 1/3      to be                              9 words
   4  jam 2/3      to be                              9 words
   5  jam 3/3      to be                              4 words
   6  mami, më, frikë, që, mes, pyetje +4                                    7 words
   7  makinë, bir, vijë, muaj, djalosh +3                                    5 words
   8  një, doktor                                     9 words
   9  fillim, tokë, kapiten, farë, vit, këmbë +4                                    6 words
  10  lojë, gjeni, dhe, me +2                                    7 words
  11  se, unë                                         4 words
  12  ti, jo                                          3 words

31 level(s) are a continuation of a large family:
  jam (1/3) 9 words
  jam (2/3) 9 words
  jam (3/3) 4 words
  kam (1/3) 9 words
  kam (2/3) 1 words
  kam (3/3) 4 words
  dua (1/2) 9 words
  dua (2/2) 4 words
  vij (1/2) 9 words
  vij (2/2) 1 words
  mend (1/2) 6 words
  mend (2/2) 4 words
  shkoj (1/2) 9 words
  shkoj (2/2) 4 words
  vend (1/2) 9 words
  vend (2/2) 2 words
  marr (1/2) 5 words
  marr (2/2) 5 words
  flas (1/2) 7 words
  flas (2/2) 4 words
  vras (1/2) 7 words
  vras (2/2) 6 words
  bashkë (1/2) 9 words
  bashkë (2/2) 3 words
  shkruaj (1/2) 2 words
  shkruaj (2/2) 5 words
  a (1/2) 9 words
  a (2/2) 3 words
  për (1/3) 9 words
  për (2/3) 9 words
  për (3/3) 5 words

Most frequent words in the deck:
  të         conj/pron      to, that (introduces a subjunctive clause, o
  në         conj/prep/pron if | at
  do         pron           some
  nuk        adv            Negates the meaning of the modified verb: no
  më         adv/prep/pron  indicates position in space or time. in, at,
  që         adv/conj/pron  that, which | who, whom, that, which
  një        num            one
  dhe        conj/noun      and (used to connect two similar words, phra
  për        prep           for | per
  me         adj/prep       with (accompanied by) | with (possessing)
  se         conj           that, as, than
  unë        noun/pron      I | potsherd
  ti         pron           you (singular)
  jo         det            negates non-verbal phrases: no, not
  ka         noun/prep      from, out, out of, to | who, whom
